main.c:69:20:ROW_WRITE_MASK	16	static
main.c:81:20:MATRIX_DISABLE_ALL_COLS	8	static
main.c:112:20:write_segments	16	static
main.c:123:6:display7SEG	16	static
main.c:155:20:enable_EN0	8	static
main.c:161:20:enable_EN1	8	static
main.c:167:20:enable_EN2	8	static
main.c:173:20:enable_EN3	8	static
main.c:179:20:disable_all_digits	8	static
main.c:188:6:update7SEG	16	static
main.c:211:20:clamp_time_24h	4	static
main.c:218:6:updateClockBuffer	16	static
main.c:233:20:setTimer0	16	static
main.c:237:20:setTimer1	16	static
main.c:244:20:setTimer2	16	static
main.c:250:20:timer_run	4	static
main.c:270:6:updateLEDMatrix	24	static
main.c:302:5:main	8	static
main.c:386:6:SystemClock_Config	72	static
main.c:422:13:MX_TIM2_Init	32	static
main.c:467:13:MX_GPIO_Init	32	static
main.c:522:6:HAL_TIM_PeriodElapsedCallback	16	static
main.c:536:6:Error_Handler	4	static,ignoring_inline_asm
