main.c:66:20:write_segments	16	static
main.c:77:6:display7SEG	16	static
main.c:109:20:enable_EN0	8	static
main.c:115:20:enable_EN1	8	static
main.c:121:20:enable_EN2	8	static
main.c:127:20:enable_EN3	8	static
main.c:133:20:disable_all_digits	8	static
main.c:142:6:update7SEG	16	static
main.c:165:20:clamp_time_24h	4	static
main.c:172:6:updateClockBuffer	16	static
main.c:187:20:setTimer0	16	static
main.c:191:20:setTimer1	16	static
main.c:197:20:timer_run	4	static
main.c:211:5:main	8	static
main.c:251:6:SystemClock_Config	72	static
main.c:287:13:MX_TIM2_Init	32	static
main.c:332:13:MX_GPIO_Init	32	static
main.c:369:6:HAL_TIM_PeriodElapsedCallback	16	static
main.c:383:6:Error_Handler	4	static,ignoring_inline_asm
