input_processing.c:12:23:tens	16	static
input_processing.c:13:23:ones	16	static
input_processing.c:15:20:leds_all_off	8	static
input_processing.c:21:20:we_red_on	8	static
input_processing.c:22:20:we_yel_on	8	static
input_processing.c:23:20:we_grn_on	8	static
input_processing.c:24:20:ns_red_on	8	static
input_processing.c:25:20:ns_yel_on	8	static
input_processing.c:26:20:ns_grn_on	8	static
input_processing.c:27:20:ea_red_on	8	static
input_processing.c:28:20:ea_yel_on	8	static
input_processing.c:29:20:ea_grn_on	8	static
input_processing.c:30:20:so_red_on	8	static
input_processing.c:31:20:so_yel_on	8	static
input_processing.c:32:20:so_grn_on	8	static
input_processing.c:74:20:seg_write_digit	24	static
input_processing.c:80:20:en_all_off	8	static
input_processing.c:83:20:en_on	24	static
input_processing.c:88:13:compute_corridor_remaining	24	static
input_processing.c:116:13:display_mode_update_250ms	24	static
input_processing.c:144:13:display_update_250ms	16	static
input_processing.c:167:13:traffic_leds_apply	8	static
input_processing.c:177:13:traffic_phase_start	16	static
input_processing.c:189:13:traffic_tick_1s	8	static
input_processing.c:204:13:recalc_times	4	static
input_processing.c:209:6:fsm_mode_processing	8	static
