main.c:69:20:ROW_WRITE_MASK	16	static
main.c:81:20:MATRIX_DISABLE_ALL_COLS	8	static
main.c:112:20:write_segments	16	static
main.c:123:6:display7SEG	16	static
main.c:154:20:enable_EN0	8	static
main.c:160:20:enable_EN1	8	static
main.c:166:20:enable_EN2	8	static
main.c:172:20:enable_EN3	8	static
main.c:178:20:disable_all_digits	8	static
main.c:186:6:update7SEG	16	static
main.c:207:20:clamp_time_24h	4	static
main.c:213:6:updateClockBuffer	16	static
main.c:228:20:setTimer0	16	static
main.c:232:20:setTimer1	16	static
main.c:239:20:setTimer2	16	static
main.c:246:20:setTimer3	16	static
main.c:251:20:timer_run	4	static
main.c:272:6:updateLEDMatrix	24	static
main.c:297:23:rol8	16	static
main.c:298:23:ror8	16	static
main.c:301:20:shift_matrix_vertical	24	static
main.c:318:5:main	8	static
main.c:398:6:SystemClock_Config	72	static
main.c:434:13:MX_TIM2_Init	32	static
main.c:479:13:MX_GPIO_Init	32	static
main.c:534:6:HAL_TIM_PeriodElapsedCallback	16	static
main.c:547:6:Error_Handler	4	static,ignoring_inline_asm
