main.c:66:20:write_segments	16	static
main.c:77:6:display7SEG	16	static
main.c:108:20:enable_EN0	8	static
main.c:114:20:enable_EN1	8	static
main.c:120:20:enable_EN2	8	static
main.c:126:20:enable_EN3	8	static
main.c:132:20:disable_all_digits	8	static
main.c:139:6:update7SEG	16	static
main.c:161:20:clamp_time_24h	4	static
main.c:167:6:updateClockBuffer	16	static
main.c:182:5:main	8	static
main.c:230:6:SystemClock_Config	72	static
main.c:266:13:MX_TIM2_Init	32	static
main.c:311:13:MX_GPIO_Init	32	static
main.c:348:6:HAL_TIM_PeriodElapsedCallback	16	static
main.c:370:6:Error_Handler	4	static,ignoring_inline_asm
