main.c:58:13:LED1_Task	8	static
main.c:59:13:LED2_Task	8	static
main.c:60:13:LED3_Task	8	static
main.c:61:13:LED4_Task	8	static
main.c:62:13:LED5_Task	8	static
main.c:68:13:uart_print	96	static
main.c:75:13:Every10ms_Task	8	static
main.c:87:5:main	8	static
main.c:150:6:SystemClock_Config	72	static
main.c:186:13:MX_TIM2_Init	32	static
main.c:231:13:MX_USART1_UART_Init	8	static
main.c:264:13:MX_GPIO_Init	32	static
main.c:287:6:HAL_TIM_PeriodElapsedCallback	16	static
main.c:302:6:Error_Handler	4	static,ignoring_inline_asm
