main.c:66:20:write_segments	16	static
main.c:77:6:display7SEG	16	static
main.c:109:20:enable_EN0	8	static
main.c:115:20:enable_EN1	8	static
main.c:121:20:enable_EN2	8	static
main.c:127:20:enable_EN3	8	static
main.c:133:20:disable_all_digits	8	static
main.c:142:6:update7SEG	16	static
main.c:165:20:clamp_time_24h	4	static
main.c:172:6:updateClockBuffer	16	static
main.c:186:20:setTimer0	16	static
main.c:191:20:timer_run	4	static
main.c:203:5:main	8	static
main.c:260:6:SystemClock_Config	72	static
main.c:296:13:MX_TIM2_Init	32	static
main.c:341:13:MX_GPIO_Init	32	static
main.c:378:6:HAL_TIM_PeriodElapsedCallback	16	static
main.c:401:6:Error_Handler	4	static,ignoring_inline_asm
