main.c:66:20:write_segments	16	static
main.c:77:6:display7SEG	16	static
main.c:105:20:enable_EN0	8	static
main.c:111:20:enable_EN1	8	static
main.c:117:20:enable_EN2	8	static
main.c:123:20:enable_EN3	8	static
main.c:129:20:disable_all_digits	8	static
main.c:138:6:update7SEG	16	static
main.c:166:5:main	8	static
main.c:210:6:SystemClock_Config	72	static
main.c:246:13:MX_TIM2_Init	32	static
main.c:291:13:MX_GPIO_Init	32	static
main.c:328:6:HAL_TIM_PeriodElapsedCallback	16	static
main.c:352:6:Error_Handler	4	static,ignoring_inline_asm
